// Jest Snapshot v1, https://goo.gl/fbAQLP

exports[`renders correctly Product List 1`] = `
<div
  className="box"
/>
`;
