// Jest Snapshot v1, https://goo.gl/fbAQLP

exports[`renders correctly Loading 1`] = `
<a
  className="linkBtn"
  href="/da"
  onClick={[Function]}
>
  <div
    className="btn"
  >
    dssd
  </div>
</a>
`;
