// Jest Snapshot v1, https://goo.gl/fbAQLP

exports[`renders correctly Footer 1`] = `
<footer
  className="footer"
>
  <div
    className="brand"
  >
    wear it
  </div>
  <hr />
  <div
    className="copyR"
  >
    <span>
      Copyright Â© All Rights Received
    </span>
  </div>
</footer>
`;
